# This file needs to be checked
---
http_interactions:
- request:
    method: get
    uri: https://api.openweathermap.org/data/2.5/air_pollution?appid=05b955804c819c65b85d8fcfefca4042&lat=37.7749&lon=-122.4194
    body:
      encoding: US-ASCII
      string: ''
    headers:
      Accept-Encoding:
      - gzip;q=1.0,deflate;q=0.6,identity;q=0.3
      Accept:
      - "*/*"
      User-Agent:
      - Ruby
  response:
    status:
      code: 200
      message: OK
    headers:
      Server:
      - openresty
      Date:
      - Sun, 18 Feb 2024 12:55:58 GMT
      Content-Type:
      - application/json; charset=utf-8
      Content-Length:
      - '187'
      Connection:
      - keep-alive
      X-Cache-Key:
      - "/data/2.5/air_pollution?lat=37.77&lon=-122.42"
      Access-Control-Allow-Origin:
      - "*"
      Access-Control-Allow-Credentials:
      - 'true'
      Access-Control-Allow-Methods:
      - GET, POST
    body:
      encoding: UTF-8
      string: '{"coord":{"lon":-122.4194,"lat":37.7749},"list":[{"main":{"aqi":1},"components":{"co":267.03,"no":0,"no2":6.6,"o3":54.36,"so2":1.71,"pm2_5":1.32,"pm10":2.04,"nh3":0.23},"dt":1708260958}]}'
  recorded_at: Sun, 18 Feb 2024 12:55:58 GMT
- request:
    method: get
    uri: https://api.openweathermap.org/data/2.5/air_pollution?appid=05b955804c819c65b85d8fcfefca4042&lat=37.7749&lon=-122.4194
    body:
      encoding: US-ASCII
      string: ''
    headers:
      Accept-Encoding:
      - gzip;q=1.0,deflate;q=0.6,identity;q=0.3
      Accept:
      - "*/*"
      User-Agent:
      - Ruby
  response:
    status:
      code: 200
      message: OK
    headers:
      Server:
      - openresty
      Date:
      - Sun, 18 Feb 2024 12:55:59 GMT
      Content-Type:
      - application/json; charset=utf-8
      Content-Length:
      - '187'
      Connection:
      - keep-alive
      X-Cache-Key:
      - "/data/2.5/air_pollution?lat=37.77&lon=-122.42"
      Access-Control-Allow-Origin:
      - "*"
      Access-Control-Allow-Credentials:
      - 'true'
      Access-Control-Allow-Methods:
      - GET, POST
    body:
      encoding: UTF-8
      string: '{"coord":{"lon":-122.4194,"lat":37.7749},"list":[{"main":{"aqi":1},"components":{"co":267.03,"no":0,"no2":6.6,"o3":54.36,"so2":1.71,"pm2_5":1.32,"pm10":2.04,"nh3":0.23},"dt":1708260959}]}'
  recorded_at: Sun, 18 Feb 2024 12:56:00 GMT
- request:
    method: get
    uri: https://api.openweathermap.org/data/2.5/air_pollution?appid=05b955804c819c65b85d8fcfefca4042&lat=37.7749&lon=-122.4194
    body:
      encoding: US-ASCII
      string: ''
    headers:
      Accept-Encoding:
      - gzip;q=1.0,deflate;q=0.6,identity;q=0.3
      Accept:
      - "*/*"
      User-Agent:
      - Ruby
  response:
    status:
      code: 200
      message: OK
    headers:
      Server:
      - openresty
      Date:
      - Sun, 18 Feb 2024 12:56:01 GMT
      Content-Type:
      - application/json; charset=utf-8
      Content-Length:
      - '187'
      Connection:
      - keep-alive
      X-Cache-Key:
      - "/data/2.5/air_pollution?lat=37.77&lon=-122.42"
      Access-Control-Allow-Origin:
      - "*"
      Access-Control-Allow-Credentials:
      - 'true'
      Access-Control-Allow-Methods:
      - GET, POST
    body:
      encoding: UTF-8
      string: '{"coord":{"lon":-122.4194,"lat":37.7749},"list":[{"main":{"aqi":1},"components":{"co":267.03,"no":0,"no2":6.6,"o3":54.36,"so2":1.71,"pm2_5":1.32,"pm10":2.04,"nh3":0.23},"dt":1708260959}]}'
  recorded_at: Sun, 18 Feb 2024 12:56:01 GMT
- request:
    method: get
    uri: https://api.openweathermap.org/data/2.5/air_pollution?appid=05b955804c819c65b85d8fcfefca4042&lat=37.7749&lon=-122.4194
    body:
      encoding: US-ASCII
      string: ''
    headers:
      Accept-Encoding:
      - gzip;q=1.0,deflate;q=0.6,identity;q=0.3
      Accept:
      - "*/*"
      User-Agent:
      - Ruby
  response:
    status:
      code: 200
      message: OK
    headers:
      Server:
      - openresty
      Date:
      - Sun, 18 Feb 2024 12:56:02 GMT
      Content-Type:
      - application/json; charset=utf-8
      Content-Length:
      - '187'
      Connection:
      - keep-alive
      X-Cache-Key:
      - "/data/2.5/air_pollution?lat=37.77&lon=-122.42"
      Access-Control-Allow-Origin:
      - "*"
      Access-Control-Allow-Credentials:
      - 'true'
      Access-Control-Allow-Methods:
      - GET, POST
    body:
      encoding: UTF-8
      string: '{"coord":{"lon":-122.4194,"lat":37.7749},"list":[{"main":{"aqi":1},"components":{"co":267.03,"no":0,"no2":6.6,"o3":54.36,"so2":1.71,"pm2_5":1.32,"pm10":2.04,"nh3":0.23},"dt":1708260959}]}'
  recorded_at: Sun, 18 Feb 2024 12:56:02 GMT
- request:
    method: get
    uri: https://api.openweathermap.org/data/2.5/air_pollution?appid=05b955804c819c65b85d8fcfefca4042&lat=37.7749&lon=-122.4194
    body:
      encoding: US-ASCII
      string: ''
    headers:
      Accept-Encoding:
      - gzip;q=1.0,deflate;q=0.6,identity;q=0.3
      Accept:
      - "*/*"
      User-Agent:
      - Ruby
  response:
    status:
      code: 200
      message: OK
    headers:
      Server:
      - openresty
      Date:
      - Sun, 18 Feb 2024 12:56:03 GMT
      Content-Type:
      - application/json; charset=utf-8
      Content-Length:
      - '187'
      Connection:
      - keep-alive
      X-Cache-Key:
      - "/data/2.5/air_pollution?lat=37.77&lon=-122.42"
      Access-Control-Allow-Origin:
      - "*"
      Access-Control-Allow-Credentials:
      - 'true'
      Access-Control-Allow-Methods:
      - GET, POST
    body:
      encoding: UTF-8
      string: '{"coord":{"lon":-122.4194,"lat":37.7749},"list":[{"main":{"aqi":1},"components":{"co":267.03,"no":0,"no2":6.6,"o3":54.36,"so2":1.71,"pm2_5":1.32,"pm10":2.04,"nh3":0.23},"dt":1708260959}]}'
  recorded_at: Sun, 18 Feb 2024 12:56:04 GMT
- request:
    method: get
    uri: https://api.openweathermap.org/data/2.5/air_pollution?appid=05b955804c819c65b85d8fcfefca4042&lat=37.7749&lon=-122.4194
    body:
      encoding: US-ASCII
      string: ''
    headers:
      Accept-Encoding:
      - gzip;q=1.0,deflate;q=0.6,identity;q=0.3
      Accept:
      - "*/*"
      User-Agent:
      - Ruby
  response:
    status:
      code: 200
      message: OK
    headers:
      Server:
      - openresty
      Date:
      - Sun, 18 Feb 2024 12:56:05 GMT
      Content-Type:
      - application/json; charset=utf-8
      Content-Length:
      - '187'
      Connection:
      - keep-alive
      X-Cache-Key:
      - "/data/2.5/air_pollution?lat=37.77&lon=-122.42"
      Access-Control-Allow-Origin:
      - "*"
      Access-Control-Allow-Credentials:
      - 'true'
      Access-Control-Allow-Methods:
      - GET, POST
    body:
      encoding: UTF-8
      string: '{"coord":{"lon":-122.4194,"lat":37.7749},"list":[{"main":{"aqi":1},"components":{"co":267.03,"no":0,"no2":6.6,"o3":54.36,"so2":1.71,"pm2_5":1.32,"pm10":2.04,"nh3":0.23},"dt":1708260959}]}'
  recorded_at: Sun, 18 Feb 2024 12:56:05 GMT
- request:
    method: get
    uri: https://api.openweathermap.org/data/2.5/air_pollution?appid=05b955804c819c65b85d8fcfefca4042&lat=37.7749&lon=-122.4194
    body:
      encoding: US-ASCII
      string: ''
    headers:
      Accept-Encoding:
      - gzip;q=1.0,deflate;q=0.6,identity;q=0.3
      Accept:
      - "*/*"
      User-Agent:
      - Ruby
  response:
    status:
      code: 200
      message: OK
    headers:
      Server:
      - openresty
      Date:
      - Sun, 18 Feb 2024 12:56:07 GMT
      Content-Type:
      - application/json; charset=utf-8
      Content-Length:
      - '187'
      Connection:
      - keep-alive
      X-Cache-Key:
      - "/data/2.5/air_pollution?lat=37.77&lon=-122.42"
      Access-Control-Allow-Origin:
      - "*"
      Access-Control-Allow-Credentials:
      - 'true'
      Access-Control-Allow-Methods:
      - GET, POST
    body:
      encoding: UTF-8
      string: '{"coord":{"lon":-122.4194,"lat":37.7749},"list":[{"main":{"aqi":1},"components":{"co":267.03,"no":0,"no2":6.6,"o3":54.36,"so2":1.71,"pm2_5":1.32,"pm10":2.04,"nh3":0.23},"dt":1708260959}]}'
  recorded_at: Sun, 18 Feb 2024 12:56:07 GMT
- request:
    method: get
    uri: https://api.openweathermap.org/data/2.5/air_pollution?appid=05b955804c819c65b85d8fcfefca4042&lat=37.7749&lon=-122.4194
    body:
      encoding: US-ASCII
      string: ''
    headers:
      Accept-Encoding:
      - gzip;q=1.0,deflate;q=0.6,identity;q=0.3
      Accept:
      - "*/*"
      User-Agent:
      - Ruby
  response:
    status:
      code: 200
      message: OK
    headers:
      Server:
      - openresty
      Date:
      - Sun, 18 Feb 2024 12:56:08 GMT
      Content-Type:
      - application/json; charset=utf-8
      Content-Length:
      - '187'
      Connection:
      - keep-alive
      X-Cache-Key:
      - "/data/2.5/air_pollution?lat=37.77&lon=-122.42"
      Access-Control-Allow-Origin:
      - "*"
      Access-Control-Allow-Credentials:
      - 'true'
      Access-Control-Allow-Methods:
      - GET, POST
    body:
      encoding: UTF-8
      string: '{"coord":{"lon":-122.4194,"lat":37.7749},"list":[{"main":{"aqi":1},"components":{"co":267.03,"no":0,"no2":6.6,"o3":54.36,"so2":1.71,"pm2_5":1.32,"pm10":2.04,"nh3":0.23},"dt":1708260959}]}'
  recorded_at: Sun, 18 Feb 2024 12:56:08 GMT
- request:
    method: get
    uri: https://api.openweathermap.org/data/2.5/air_pollution?appid=05b955804c819c65b85d8fcfefca4042&lat=37.7749&lon=-122.4194
    body:
      encoding: US-ASCII
      string: ''
    headers:
      Accept-Encoding:
      - gzip;q=1.0,deflate;q=0.6,identity;q=0.3
      Accept:
      - "*/*"
      User-Agent:
      - Ruby
  response:
    status:
      code: 200
      message: OK
    headers:
      Server:
      - openresty
      Date:
      - Sun, 18 Feb 2024 12:56:10 GMT
      Content-Type:
      - application/json; charset=utf-8
      Content-Length:
      - '187'
      Connection:
      - keep-alive
      X-Cache-Key:
      - "/data/2.5/air_pollution?lat=37.77&lon=-122.42"
      Access-Control-Allow-Origin:
      - "*"
      Access-Control-Allow-Credentials:
      - 'true'
      Access-Control-Allow-Methods:
      - GET, POST
    body:
      encoding: UTF-8
      string: '{"coord":{"lon":-122.4194,"lat":37.7749},"list":[{"main":{"aqi":1},"components":{"co":267.03,"no":0,"no2":6.6,"o3":54.36,"so2":1.71,"pm2_5":1.32,"pm10":2.04,"nh3":0.23},"dt":1708260959}]}'
  recorded_at: Sun, 18 Feb 2024 12:56:10 GMT
- request:
    method: get
    uri: https://api.openweathermap.org/data/2.5/air_pollution?appid=05b955804c819c65b85d8fcfefca4042&lat=37.7749&lon=-122.4194
    body:
      encoding: US-ASCII
      string: ''
    headers:
      Accept-Encoding:
      - gzip;q=1.0,deflate;q=0.6,identity;q=0.3
      Accept:
      - "*/*"
      User-Agent:
      - Ruby
  response:
    status:
      code: 200
      message: OK
    headers:
      Server:
      - openresty
      Date:
      - Sun, 18 Feb 2024 12:56:11 GMT
      Content-Type:
      - application/json; charset=utf-8
      Content-Length:
      - '187'
      Connection:
      - keep-alive
      X-Cache-Key:
      - "/data/2.5/air_pollution?lat=37.77&lon=-122.42"
      Access-Control-Allow-Origin:
      - "*"
      Access-Control-Allow-Credentials:
      - 'true'
      Access-Control-Allow-Methods:
      - GET, POST
    body:
      encoding: UTF-8
      string: '{"coord":{"lon":-122.4194,"lat":37.7749},"list":[{"main":{"aqi":1},"components":{"co":267.03,"no":0,"no2":6.6,"o3":54.36,"so2":1.71,"pm2_5":1.32,"pm10":2.04,"nh3":0.23},"dt":1708260959}]}'
  recorded_at: Sun, 18 Feb 2024 12:56:11 GMT
recorded_with: VCR 6.2.0
